GitHub에서 MyProject 생성
https://github.com/nayoungkim0920/MyProject.git

1. 프로젝트 올리기
c:\myLab\Project1>git init

2. 원격 리포지토리 설정
git remote add origin https://github.com/nayoungkim0920/MyProject.git
(리포지토리 목록 확인)
c:\myLab\Project1>git remote -v
origin  https://github.com/nayoungkim0920/Project1.git (fetch)
origin  https://github.com/nayoungkim0920/Project1.git (push)

3. 기존 원격 리포지토리 URL수정
git remote set-url origin https://github.com/nayoungkim0920/MyProject.git
(원격리포지토리UR확인)
c:\myLab\Project1>git remote -v
origin  https://github.com/nayoungkim0920/MyProject.git (fetch)
origin  https://github.com/nayoungkim0920/MyProject.git (push)

4. 변경 사항 스테이징 및 커밋
git add .
git commit -m "커밋 메시지"
c:\myLab\Project1>git commit -m "커밋 메시지"
[MyProjects 366b904] 而ㅻ컠 硫붿떆吏
(한글깨짐)
git config --global core.quotepath false
git config --global gui.encoding utf-8
git config --global i18n.commit.encoding utf-8
git config --global i18n.logoutputencoding utf-8
--안됨
PS C:\mylab\project1> $OutputEncoding = [Console]::OutputEncoding = [Text.Encoding]::UTF8

5.원격리포지토리에 변경사항 푸시
git push origin main
Enumerating objects: 90, done.
Counting objects: 100% (90/90), done.
Delta compression using up to 16 threads
Compressing objects: 100% (88/88), done.
Writing objects: 100% (90/90), 84.58 KiB | 3.84 MiB/s, done.
Total 90 (delta 32), reused 0 (delta 0), pack-reused 0 (from 0)
remote: Resolving deltas: 100% (32/32), done.
To https://github.com/nayoungkim0920/MyProject.git
 * [new branch]      main -> main

6.파일푸시
cd c:\myLab\Project1
git remote add origin https://github.com/nayoungkim0920/MyProject.git
git add .
git commit -m "커밋 메시지"

7.푸시 
커밋한 변경 사항을 원격 저장소로 푸시한다.

8.풀
원격 저장소에서 최신 병경 사항을 가져온다.

9. 끌어오기(git pull + git fetch)
원격 저장소의 최신 변경 사항을 로컬 저장소로 가져오는 작업.

10. 동기화(git pull + git push)
원격 저장소와 로컬 저장소 간에 변경 사하을 주고받아 두 저장소의 상태를 일치시키는 작업
의

11. 리드미생성
PS C:\Users\nayou> cd c:/mylab/project1
PS C:\mylab\project1> echo "# My Project" > README.md
PS C:\mylab\project1> git add .
PS C:\mylab\project1> git commit -m "Update README"
[MyProjects 6561479] Update README
 1 file changed, 0 insertions(+), 0 deletions(-)
 create mode 100644 README.md
PS C:\mylab\project1> git push
Enumerating objects: 4, done.
Counting objects: 100% (4/4), done.
Delta compression using up to 16 threads
Compressing objects: 100% (2/2), done.
Writing objects: 100% (3/3), 304 bytes | 304.00 KiB/s, done.
Total 3 (delta 1), reused 0 (delta 0), pack-reused 0 (from 0)
remote: Resolving deltas: 100% (1/1), completed with 1 local object.
To https://github.com/nayoungkim0920/MyProject.git
   ac42d7c..6561479  MyProjects -> MyProjects

# main 브랜치로 전환 후
PS C:\mylab\project1> git checkout main
Switched to branch 'main'
PS C:\mylab\project1> echo "# Main" >> README.md
PS C:\mylab\project1> git add README.md
PS C:\mylab\project1> git commit -m "Update main README with new heading"
[main 326abf6] Update main README with new heading
 1 file changed, 0 insertions(+), 0 deletions(-)
PS C:\mylab\project1> git push origin main
Enumerating objects: 7, done.
Counting objects: 100% (7/7), done.
Delta compression using up to 16 threads
Compressing objects: 100% (4/4), done.
Writing objects: 100% (6/6), 546 bytes | 546.00 KiB/s, done.
Total 6 (delta 2), reused 0 (delta 0), pack-reused 0 (from 0)
remote: Resolving deltas: 100% (2/2), completed with 1 local object.
To https://github.com/nayoungkim0920/MyProject.git
   a4a147b..326abf6  main -> main
