1. 로컬 레포지토리 초기화
PS C:\mylab\project1> cd C:\GitRepository\
PS C:\GitRepository> git init
Initialized empty Git repository in C:/GitRepository/.git/

2. 소스코드폴더 Git으로 관리하기
-초기
PS C:\mylab\project1> git init
Reinitialized existing Git repository in C:/myLab/Project1/.git/

-파일추가 및 커밋
PS C:\mylab\project1> git add .   # 현재 폴더의 모든 파일을 스테이징
PS C:\mylab\project1> git commit -m "Initial commit"   # 초기 커밋
On branch MyProjects
Your branch is up to date with 'origin/MyProjects'.

nothing to commit, working tree clean

3. GitHub 원격 저장소와 연결
-원격저장소추가
git remote add myProject https://github.com/nayoungkim0920/MyProject.git
-푸시 : 변경 사항을 GitHub의 원격 저장소로 푸시
git push -u myProject MyProject
error: src refspec MyProject does not match any
error: failed to push some refs to 'https://github.com/nayoungkim0920/MyProject.git'
PS C:\mylab\project1> git remote add origin https://github.com/nayoungkim0920/MyProject.git
error: remote origin already exists.
PS C:\mylab\project1> git remote set-url origin https://github.com/nayoungkim0920/MyProject.git
PS C:\mylab\project1> git remote -v
myProject       https://github.com/nayoungkim0920/MyProject.git (fetch)
myProject       https://github.com/nayoungkim0920/MyProject.git (push)
origin  https://github.com/nayoungkim0920/MyProject.git (fetch)
origin  https://github.com/nayoungkim0920/MyProject.git (push)
PS C:\mylab\project1> git remote rename myProject origin
error: remote origin already exists.
PS C:\mylab\project1> git remote remove myProject
PS C:\mylab\project1> git remote rename origin myProject
Renaming remote references: 100% (2/2), done.
PS C:\mylab\project1> git remote -v
myProject       https://github.com/nayoungkim0920/MyProject.git (fetch)
myProject       https://github.com/nayoungkim0920/MyProject.git (push)
PS C:\mylab\project1> git push myProject MyProjects
Everything up-to-date
